load("@aspect_rules_ts//ts:proto.bzl", "ts_proto_library")
load("@rules_proto//proto:defs.bzl", "proto_library")

# gazelle:js_proto_naming_convention ts__{proto_library}

proto_library(
    name = "foo_proto",
    srcs = ["foo.proto"],
    visibility = ["//visibility:public"],
)

ts_proto_library(
    name = "ts__foo_proto",
    node_modules = "//:node_modules",
    proto = ":foo_proto",
)
